{
  "$schema": "http://json-schema.org/schema#",
  "type": "object",
  "properties": {
    "created_at": {
      "type": "string",
      "format": "date-time"
    },
    "updated_at": {
      "type": "string",
      "format": "date-time"
    }
  },
  "required": [
    "created_at",
    "updated_at"
  ]
}