{
  "$schema": "http://json-schema.org/schema#",
  "type": "object",
  "properties": {
    "birth_date": {
      "type": "string",
      "format": "date"
    },
    "registration_date": {
      "type": "string",
      "format": "date"
    }
  },
  "required": [
    "birth_date",
    "registration_date"
  ]
}