{
  "$schema": "http://json-schema.org/schema#",
  "type": "object",
  "properties": {
    "name": {
      "type": "string"
    },
    "description": {
      "type": "string"
    },
    "status": {
      "type": "string"
    }
  },
  "required": [
    "description",
    "name",
    "status"
  ]
}