{
  "$schema": "http://json-schema.org/schema#",
  "type": "object",
  "properties": {
    "user_email": {
      "type": "string",
      "format": "email"
    }
  },
  "required": [
    "user_email"
  ]
}