---
source: crates/ruff_python_formatter/tests/fixtures.rs
input_file: crates/ruff_python_formatter/resources/test/fixtures/black/cases/line_ranges_exceeding_end.py
---
## Input

```python
# flags: --line-ranges=6-1000
# NOTE: If you need to modify this file, pay special attention to the --line-ranges=
# flag above as it's formatting specifically these lines.
def foo1(parameter_1, parameter_2, parameter_3, parameter_4, parameter_5, parameter_6, parameter_7): pass
def foo2(parameter_1, parameter_2, parameter_3, parameter_4, parameter_5, parameter_6, parameter_7): pass
def foo3(parameter_1, parameter_2, parameter_3, parameter_4, parameter_5, parameter_6, parameter_7): pass
def foo4(parameter_1, parameter_2, parameter_3, parameter_4, parameter_5, parameter_6, parameter_7): pass
```

## Black Differences

```diff
--- Black
+++ Ruff
@@ -4,24 +4,24 @@
 def foo1(parameter_1, parameter_2, parameter_3, parameter_4, parameter_5, parameter_6, parameter_7): pass
 def foo2(parameter_1, parameter_2, parameter_3, parameter_4, parameter_5, parameter_6, parameter_7): pass
 def foo3(
-    parameter_1,
-    parameter_2,
-    parameter_3,
-    parameter_4,
-    parameter_5,
-    parameter_6,
-    parameter_7,
+        parameter_1,
+        parameter_2,
+        parameter_3,
+        parameter_4,
+        parameter_5,
+        parameter_6,
+        parameter_7,
 ):
     pass
 
 
 def foo4(
-    parameter_1,
-    parameter_2,
-    parameter_3,
-    parameter_4,
-    parameter_5,
-    parameter_6,
-    parameter_7,
+        parameter_1,
+        parameter_2,
+        parameter_3,
+        parameter_4,
+        parameter_5,
+        parameter_6,
+        parameter_7,
 ):
     pass
```

## Ruff Output

```python
# flags: --line-ranges=6-1000
# NOTE: If you need to modify this file, pay special attention to the --line-ranges=
# flag above as it's formatting specifically these lines.
def foo1(parameter_1, parameter_2, parameter_3, parameter_4, parameter_5, parameter_6, parameter_7): pass
def foo2(parameter_1, parameter_2, parameter_3, parameter_4, parameter_5, parameter_6, parameter_7): pass
def foo3(
        parameter_1,
        parameter_2,
        parameter_3,
        parameter_4,
        parameter_5,
        parameter_6,
        parameter_7,
):
    pass


def foo4(
        parameter_1,
        parameter_2,
        parameter_3,
        parameter_4,
        parameter_5,
        parameter_6,
        parameter_7,
):
    pass
```

## Black Output

```python
# flags: --line-ranges=6-1000
# NOTE: If you need to modify this file, pay special attention to the --line-ranges=
# flag above as it's formatting specifically these lines.
def foo1(parameter_1, parameter_2, parameter_3, parameter_4, parameter_5, parameter_6, parameter_7): pass
def foo2(parameter_1, parameter_2, parameter_3, parameter_4, parameter_5, parameter_6, parameter_7): pass
def foo3(
    parameter_1,
    parameter_2,
    parameter_3,
    parameter_4,
    parameter_5,
    parameter_6,
    parameter_7,
):
    pass


def foo4(
    parameter_1,
    parameter_2,
    parameter_3,
    parameter_4,
    parameter_5,
    parameter_6,
    parameter_7,
):
    pass
```
