---
source: crates/cribo/tests/test_bundling_snapshots.rs
input_file: crates/cribo/tests/fixtures/cross_module_attribute_import/main.py
---
#!/usr/bin/env python3
# Generated by Cribo - Python Source Bundler
# https://github.com/ophidiarium/cribo

import sys as _sys
import importlib as _importlib
class _CriboModule():

    def __init__(self, m, p):
        self._m, self._p = m, p

    def __getattr__(self, n):
        f = self._p + '.' + n
        try:
            return _CriboModule(_importlib.import_module(f), f)
        except ImportError:
            return getattr(self._m, n)

    def __getattribute__(self, n):
        return object.__getattribute__(self, n) if n in ('_m', '_p', '__getattr__', '__class__', '__dict__', '__dir__', '__module__', '__qualname__') else getattr(object.__getattribute__(self, '_m'), n)
class _Cribo():

    def __getattr__(self, n):
        m = _sys.modules.get(n) or _importlib.import_module(n)
        return _CriboModule(m, n)
_cribo = _Cribo()
mypackage = _cribo.types.SimpleNamespace(__name__='mypackage')
__version__ = "1.0.0"
def get_full_info():
    """Combine version and processed data."""
    return f"{mypackage.utils.get_version_info()} - {process_data()}"
def process_data():
    """Process some data."""
    return "Processed Data"
"""Package init that creates circular dependency."""
"""Core module that creates circular dependency."""
"""Version information module."""
mypackage.get_full_info = get_full_info
mypackage_core = _cribo.types.SimpleNamespace(__name__='mypackage.core')
mypackage.core = mypackage_core
mypackage___version__ = _cribo.types.SimpleNamespace(__name__='mypackage.__version__')
mypackage.__version__ = mypackage___version__
@_cribo.functools.cache
def _cribo_init___cribo_35f1d1_mypackage_utils():
    _cribo_module = _cribo.types.SimpleNamespace()
    _cribo_module.__name__ = 'mypackage.utils'
    """Utils module that imports from __version__ module and uses it at module level."""
    _cribo_module.__version__ = __version__
    VERSION_PREFIX = f"v{__version__}"
    _cribo_module.VERSION_PREFIX = VERSION_PREFIX

    def get_version_info():
        """Return version information using the imported __version__ variable."""
        return _cribo_module.VERSION_PREFIX
    _cribo_module.get_version_info = get_version_info
    return _cribo_module
mypackage.utils = _cribo_init___cribo_35f1d1_mypackage_utils()
mypackage_core.process_data = process_data
mypackage___version__.__version__ = __version__
"""Test cross-module attribute import with circular dependencies that require init functions."""
print(mypackage.get_full_info())
