---
source: crates/cribo/tests/test_bundling_snapshots.rs
input_file: crates/cribo/tests/fixtures/pyfail_package_level_cycles/main.py
---
#!/usr/bin/env python3
# Generated by Cribo - Python Source Bundler
# https://github.com/ophidiarium/cribo

import sys as _sys
import importlib as _importlib
class _CriboModule():

    def __init__(self, m, p):
        self._m, self._p = m, p

    def __getattr__(self, n):
        f = self._p + '.' + n
        try:
            return _CriboModule(_importlib.import_module(f), f)
        except ImportError:
            return getattr(self._m, n)

    def __getattribute__(self, n):
        return object.__getattribute__(self, n) if n in ('_m', '_p', '__getattr__', '__class__', '__dict__', '__dir__', '__module__', '__qualname__') else getattr(object.__getattribute__(self, '_m'), n)
class _Cribo():

    def __getattr__(self, n):
        m = _sys.modules.get(n) or _importlib.import_module(n)
        return _CriboModule(m, n)
_cribo = _Cribo()
def utility_function():
    """Utility that pkg2 will import"""
    return "pkg1_utility"
def main_function():
    """Main function that uses helper from pkg2"""
    return f"pkg1.main({helper_function()})"
def helper_function():
    """Helper function that depends on pkg1"""
    util_result = utility_function()
    return f"pkg2.helper(using_{util_result})"
pkg1 = _cribo.types.SimpleNamespace(__name__='pkg1', utility_function=utility_function, main_function=main_function)
def main():
    result = pkg1.main_function()
    print(f"Package cycle result: {result}")
if __name__ == "__main__":
    main()
