---
source: crates/cribo/tests/test_bundling_snapshots.rs
input_file: crates/cribo/tests/fixtures/module_attribute_fstring/main.py
---
#!/usr/bin/env python3
# Generated by Cribo - Python Source Bundler
# https://github.com/ophidiarium/cribo

import sys as _sys
import importlib as _importlib
class _CriboModule():

    def __init__(self, m, p):
        self._m, self._p = m, p

    def __getattr__(self, n):
        f = self._p + '.' + n
        try:
            return _CriboModule(_importlib.import_module(f), f)
        except ImportError:
            return getattr(self._m, n)

    def __getattribute__(self, n):
        return object.__getattribute__(self, n) if n in ('_m', '_p', '__getattr__', '__class__', '__dict__', '__dir__', '__module__', '__qualname__') else getattr(object.__getattribute__(self, '_m'), n)
class _Cribo():

    def __getattr__(self, n):
        m = _sys.modules.get(n) or _importlib.import_module(n)
        return _CriboModule(m, n)
_cribo = _Cribo()
VERSION = "1.0.0"
def get_version():
    return VERSION
mypackage = _cribo.types.SimpleNamespace(__name__='mypackage')
mypackage_utils = _cribo.types.SimpleNamespace(__name__='mypackage.utils')
mypackage.utils = mypackage_utils
mypackage_constants = _cribo.types.SimpleNamespace(__name__='mypackage.constants')
mypackage.constants = mypackage_constants
mypackage_utils.get_version = get_version
mypackage_constants.VERSION = VERSION
mypackage.get_version = get_version
print(f"Version: {mypackage.get_version()}")
