---
source: crates/cribo/tests/test_bundling_snapshots.rs
input_file: crates/cribo/tests/fixtures/circular_dep_with_version_module/main.py
---
#!/usr/bin/env python3
# Generated by Cribo - Python Source Bundler
# https://github.com/ophidiarium/cribo

import sys as _sys
import importlib as _importlib
class _CriboModule():

    def __init__(self, m, p):
        self._m, self._p = m, p

    def __getattr__(self, n):
        f = self._p + '.' + n
        try:
            return _CriboModule(_importlib.import_module(f), f)
        except ImportError:
            return getattr(self._m, n)

    def __getattribute__(self, n):
        return object.__getattribute__(self, n) if n in ('_m', '_p', '__getattr__', '__class__', '__dict__', '__dir__', '__module__', '__qualname__') else getattr(object.__getattribute__(self, '_m'), n)
class _Cribo():

    def __getattr__(self, n):
        m = _sys.modules.get(n) or _importlib.import_module(n)
        return _CriboModule(m, n)
_cribo = _Cribo()
package = _cribo.types.SimpleNamespace(__name__='package')
package___version__ = _cribo.types.SimpleNamespace(__name__='package.__version__')
package.__version__ = package___version__
package_module_a = _cribo.types.SimpleNamespace(__name__='package.module_a')
package.module_a = package_module_a
__version__ = "1.0.0"
__title__ = "Test Package"
def func_a():
    return "func_a"
"""Module A that creates circular dependency"""
"""Version information for the package"""
@_cribo.functools.cache
def _cribo_init___cribo_a4c23d_package():
    _cribo_module = _cribo.types.SimpleNamespace()
    _cribo_module.__name__ = 'package'
    """Package with circular dependency and __version__ import"""
    _cribo_module.__version__ = __version__
    _cribo_module.__title__ = __title__
    _cribo_module.func_a = func_a

    def package_func():
        return func_a() + " from package"
    _cribo_module.package_func = package_func
    print(f"Package initialized with version {__version__}")
    _cribo_module.module_a = package_module_a
    return _cribo_module
package = _cribo_init___cribo_a4c23d_package()
package_module_a.func_a = func_a
package___version__.__version__ = __version__
package___version__.__title__ = __title__
"""Test case for circular dependency with __version__ module import"""
package = _cribo_init___cribo_a4c23d_package()
print(f"Package version: {package.__version__}")
print(f"Package title: {package.__title__}")
print("Success!")
