---
source: crates/cribo/tests/test_bundling_snapshots.rs
input_file: crates/cribo/tests/fixtures/stickytape_explicit_relative_import_single_dot/main.py
---
#!/usr/bin/env python3
# Generated by Cribo - Python Source Bundler
# https://github.com/ophidiarium/cribo

import sys as _sys
import importlib as _importlib
class _CriboModule():

    def __init__(self, m, p):
        self._m, self._p = m, p

    def __getattr__(self, n):
        f = self._p + '.' + n
        try:
            return _CriboModule(_importlib.import_module(f), f)
        except ImportError:
            return getattr(self._m, n)

    def __getattribute__(self, n):
        return object.__getattribute__(self, n) if n in ('_m', '_p', '__getattr__', '__class__', '__dict__', '__dir__', '__module__', '__qualname__') else getattr(object.__getattribute__(self, '_m'), n)
class _Cribo():

    def __getattr__(self, n):
        m = _sys.modules.get(n) or _importlib.import_module(n)
        return _CriboModule(m, n)
_cribo = _Cribo()
message_2 = "Hello"
greetings = _cribo.types.SimpleNamespace(__name__='greetings')
greetings_greeting = _cribo.types.SimpleNamespace(__name__='greetings.greeting')
greetings.greeting = greetings_greeting
greetings_messages = _cribo.types.SimpleNamespace(__name__='greetings.messages')
greetings.messages = greetings_messages
messages = greetings_messages
greetings_messages.message = message_2
message_1 = messages.message
greetings_greeting.message = message_1
greetings.greeting.message = message_1
print(greetings.greeting.message)
