---
source: crates/cribo/tests/test_bundling_snapshots.rs
input_file: crates/cribo/tests/fixtures/xfail_symlink_multi_circular/main.py
---
packages: []
count: 0
