---
source: crates/cribo/tests/test_bundling_snapshots.rs
input_file: crates/cribo/tests/fixtures/tree_shake_side_effect_import/main.py
---
packages: []
count: 0
